
> frontend@0.1.0 start
> react-scripts start

Starting the development server...

Compiled with warnings.

[eslint] 
src\components\AdminDashboard.js
  Line 161:6:  React Hook useEffect has missing dependencies: 'fetchOverview' and 'fetchUsers'. Either include them or remove the dependency array                                 react-hooks/exhaustive-deps
  Line 168:6:  React Hook useEffect has missing dependencies: 'fetchOverview', 'fetchPosts', 'fetchReports', and 'fetchUsers'. Either include them or remove the dependency array  react-hooks/exhaustive-deps

src\components\UserHome.js
  Line 162:6:  React Hook useEffect has missing dependencies: 'fetchNotifications', 'fetchPosts', and 'fetchProfile'. Either include them or remove the dependency array  react-hooks/exhaustive-deps
  Line 190:6:  React Hook useEffect has a missing dependency: 'headers'. Either include it or remove the dependency array                                                 react-hooks/exhaustive-deps
  Line 327:9:  'avatarImg' is assigned a value but never used                                                                                                             no-unused-vars

Search for the keywords to learn more about each warning.
To ignore, add // eslint-disable-next-line to the line before.

[1m[33mWARNING[39m[22m in [1m[eslint] 
src\components\AdminDashboard.js
  Line 161:6:  React Hook useEffect has missing dependencies: 'fetchOverview' and 'fetchUsers'. Either include them or remove the dependency array                                 react-hooks/exhaustive-deps
  Line 168:6:  React Hook useEffect has missing dependencies: 'fetchOverview', 'fetchPosts', 'fetchReports', and 'fetchUsers'. Either include them or remove the dependency array  react-hooks/exhaustive-deps

src\components\UserHome.js
  Line 162:6:  React Hook useEffect has missing dependencies: 'fetchNotifications', 'fetchPosts', and 'fetchProfile'. Either include them or remove the dependency array  react-hooks/exhaustive-deps
  Line 190:6:  React Hook useEffect has a missing dependency: 'headers'. Either include it or remove the dependency array                                                 react-hooks/exhaustive-deps
  Line 327:9:  'avatarImg' is assigned a value but never used                                                                                                             no-unused-vars

[39m[22m

webpack compiled with [1m[33m1 warning[39m[22m
